Archive member included to satisfy reference by file (symbol)

e:/cubeide/stm32cubeide_1.6.0/stm32cubeide/plugins/com.st.stm32cube.ide.mcu.externaltools.gnu-tools-for-stm32.9-2020-q2-update.win32_1.5.0.202011040924/tools/bin/../lib/gcc/arm-none-eabi/9.3.1/../../../../arm-none-eabi/lib/thumb/v7e-m+fp/hard\libc_nano.a(lib_a-errno.o)
                              Core/Src/syscalls.o (__errno)
e:/cubeide/stm32cubeide_1.6.0/stm32cubeide/plugins/com.st.stm32cube.ide.mcu.externaltools.gnu-tools-for-stm32.9-2020-q2-update.win32_1.5.0.202011040924/tools/bin/../lib/gcc/arm-none-eabi/9.3.1/../../../../arm-none-eabi/lib/thumb/v7e-m+fp/hard\libc_nano.a(lib_a-exit.o)
                              e:/cubeide/stm32cubeide_1.6.0/stm32cubeide/plugins/com.st.stm32cube.ide.mcu.externaltools.gnu-tools-for-stm32.9-2020-q2-update.win32_1.5.0.202011040924/tools/bin/../lib/gcc/arm-none-eabi/9.3.1/../../../../arm-none-eabi/lib/thumb/v7e-m+fp/hard/crt0.o (exit)
e:/cubeide/stm32cubeide_1.6.0/stm32cubeide/plugins/com.st.stm32cube.ide.mcu.externaltools.gnu-tools-for-stm32.9-2020-q2-update.win32_1.5.0.202011040924/tools/bin/../lib/gcc/arm-none-eabi/9.3.1/../../../../arm-none-eabi/lib/thumb/v7e-m+fp/hard\libc_nano.a(lib_a-impure.o)
                              e:/cubeide/stm32cubeide_1.6.0/stm32cubeide/plugins/com.st.stm32cube.ide.mcu.externaltools.gnu-tools-for-stm32.9-2020-q2-update.win32_1.5.0.202011040924/tools/bin/../lib/gcc/arm-none-eabi/9.3.1/../../../../arm-none-eabi/lib/thumb/v7e-m+fp/hard\libc_nano.a(lib_a-exit.o) (_global_impure_ptr)
e:/cubeide/stm32cubeide_1.6.0/stm32cubeide/plugins/com.st.stm32cube.ide.mcu.externaltools.gnu-tools-for-stm32.9-2020-q2-update.win32_1.5.0.202011040924/tools/bin/../lib/gcc/arm-none-eabi/9.3.1/../../../../arm-none-eabi/lib/thumb/v7e-m+fp/hard\libc_nano.a(lib_a-init.o)
                              e:/cubeide/stm32cubeide_1.6.0/stm32cubeide/plugins/com.st.stm32cube.ide.mcu.externaltools.gnu-tools-for-stm32.9-2020-q2-update.win32_1.5.0.202011040924/tools/bin/../lib/gcc/arm-none-eabi/9.3.1/../../../../arm-none-eabi/lib/thumb/v7e-m+fp/hard/crt0.o (__libc_init_array)
e:/cubeide/stm32cubeide_1.6.0/stm32cubeide/plugins/com.st.stm32cube.ide.mcu.externaltools.gnu-tools-for-stm32.9-2020-q2-update.win32_1.5.0.202011040924/tools/bin/../lib/gcc/arm-none-eabi/9.3.1/../../../../arm-none-eabi/lib/thumb/v7e-m+fp/hard\libc_nano.a(lib_a-memset.o)
                              e:/cubeide/stm32cubeide_1.6.0/stm32cubeide/plugins/com.st.stm32cube.ide.mcu.externaltools.gnu-tools-for-stm32.9-2020-q2-update.win32_1.5.0.202011040924/tools/bin/../lib/gcc/arm-none-eabi/9.3.1/../../../../arm-none-eabi/lib/thumb/v7e-m+fp/hard/crt0.o (memset)
e:/cubeide/stm32cubeide_1.6.0/stm32cubeide/plugins/com.st.stm32cube.ide.mcu.externaltools.gnu-tools-for-stm32.9-2020-q2-update.win32_1.5.0.202011040924/tools/bin/../lib/gcc/arm-none-eabi/9.3.1/thumb/v7e-m+fp/hard\libgcc.a(_aeabi_uldivmod.o)
                              Drivers/STM32F4xx_HAL_Driver/Src/stm32f4xx_hal_rcc.o (__aeabi_uldivmod)
e:/cubeide/stm32cubeide_1.6.0/stm32cubeide/plugins/com.st.stm32cube.ide.mcu.externaltools.gnu-tools-for-stm32.9-2020-q2-update.win32_1.5.0.202011040924/tools/bin/../lib/gcc/arm-none-eabi/9.3.1/thumb/v7e-m+fp/hard\libgcc.a(_udivmoddi4.o)
                              e:/cubeide/stm32cubeide_1.6.0/stm32cubeide/plugins/com.st.stm32cube.ide.mcu.externaltools.gnu-tools-for-stm32.9-2020-q2-update.win32_1.5.0.202011040924/tools/bin/../lib/gcc/arm-none-eabi/9.3.1/thumb/v7e-m+fp/hard\libgcc.a(_aeabi_uldivmod.o) (__udivmoddi4)
e:/cubeide/stm32cubeide_1.6.0/stm32cubeide/plugins/com.st.stm32cube.ide.mcu.externaltools.gnu-tools-for-stm32.9-2020-q2-update.win32_1.5.0.202011040924/tools/bin/../lib/gcc/arm-none-eabi/9.3.1/thumb/v7e-m+fp/hard\libgcc.a(_dvmd_tls.o)
                              e:/cubeide/stm32cubeide_1.6.0/stm32cubeide/plugins/com.st.stm32cube.ide.mcu.externaltools.gnu-tools-for-stm32.9-2020-q2-update.win32_1.5.0.202011040924/tools/bin/../lib/gcc/arm-none-eabi/9.3.1/thumb/v7e-m+fp/hard\libgcc.a(_aeabi_uldivmod.o) (__aeabi_ldiv0)

Allocating common symbols
Common symbol       size              file

motorRun            0x1               Core/Src/main.o
LobotRxBuf          0x10              Core/Src/motor.o
batteryVolt         0x2               Core/Src/motor.o
huart3              0x44              Core/Src/usart.o
hi2c1               0x54              Core/Src/i2c.o
strBuffer           0x64              Core/Src/main.o
keyValue            0x1               Core/Src/main.o
uwTick              0x4               Drivers/STM32F4xx_HAL_Driver/Src/stm32f4xx_hal.o
pFlash              0x20              Drivers/STM32F4xx_HAL_Driver/Src/stm32f4xx_hal_flash.o
AngleX              0x2               Core/Src/main.o
hdma_usart1_tx      0x60              Core/Src/usart.o
hdma_usart1_rx      0x60              Core/Src/usart.o
huart1              0x44              Core/Src/usart.o
DistanceIntegral_biasY
                    0x4               Core/Src/control.o
[...]
Memory Configuration

Name             Origin             Length             Attributes
CCMRAM           0x0000000010000000 0x0000000000010000 xrw
RAM              0x0000000020000000 0x0000000000020000 xrw
FLASH            0x0000000008000000 0x0000000000080000 xr
*default*        0x0000000000000000 0xffffffffffffffff

Linker script and memory map

LOAD e:/cubeide/stm32cubeide_1.6.0/stm32cubeide/plugins/com.st.stm32cube.ide.mcu.externaltools.gnu-tools-for-stm32.9-2020-q2-update.win32_1.5.0.202011040924/tools/bin/../lib/gcc/arm-none-eabi/9.3.1/thumb/v7e-m+fp/hard/crti.o
LOAD e:/cubeide/stm32cubeide_1.6.0/stm32cubeide/plugins/com.st.stm32cube.ide.mcu.externaltools.gnu-tools-for-stm32.9-2020-q2-update.win32_1.5.0.202011040924/tools/bin/../lib/gcc/arm-none-eabi/9.3.1/thumb/v7e-m+fp/hard/crtbegin.o
LOAD e:/cubeide/stm32cubeide_1.6.0/stm32cubeide/plugins/com.st.stm32cube.ide.mcu.externaltools.gnu-tools-for-stm32.9-2020-q2-update.win32_1.5.0.202011040924/tools/bin/../lib/gcc/arm-none-eabi/9.3.1/../../../../arm-none-eabi/lib/thumb/v7e-m+fp/hard/crt0.o
LOAD Core/Src/control.o
LOAD Core/Src/dma.o
LOAD Core/Src/gpio.o
LOAD Core/Src/i2c.o
LOAD Core/Src/key.o
LOAD Core/Src/main.o
LOAD Core/Src/motor.o
LOAD Core/Src/oled.o
LOAD Core/Src/stm32f4xx_hal_msp.o
LOAD Core/Src/stm32f4xx_it.o
LOAD Core/Src/syscalls.o
LOAD Core/Src/sysmem.o
LOAD Core/Src/system_stm32f4xx.o
LOAD Core/Src/tim.o
LOAD Core/Src/usart.o
LOAD Core/Startup/startup_stm32f407zetx.o
LOAD Drivers/STM32F4xx_HAL_Driver/Src/stm32f4xx_hal.o
LOAD Drivers/STM32F4xx_HAL_Driver/Src/stm32f4xx_hal_cortex.o
LOAD Drivers/STM32F4xx_HAL_Driver/Src/stm32f4xx_hal_dma.o
LOAD Drivers/STM32F4xx_HAL_Driver/Src/stm32f4xx_hal_dma_ex.o
LOAD Drivers/STM32F4xx_HAL_Driver/Src/stm32f4xx_hal_exti.o
LOAD Drivers/STM32F4xx_HAL_Driver/Src/stm32f4xx_hal_flash.o
LOAD Drivers/STM32F4xx_HAL_Driver/Src/stm32f4xx_hal_flash_ex.o
LOAD Drivers/STM32F4xx_HAL_Driver/Src/stm32f4xx_hal_flash_ramfunc.o
LOAD Drivers/STM32F4xx_HAL_Driver/Src/stm32f4xx_hal_gpio.o
LOAD Drivers/STM32F4xx_HAL_Driver/Src/stm32f4xx_hal_i2c.o
LOAD Drivers/STM32F4xx_HAL_Driver/Src/stm32f4xx_hal_i2c_ex.o
LOAD Drivers/STM32F4xx_HAL_Driver/Src/stm32f4xx_hal_pwr.o
LOAD Drivers/STM32F4xx_HAL_Driver/Src/stm32f4xx_hal_pwr_ex.o
LOAD Drivers/STM32F4xx_HAL_Driver/Src/stm32f4xx_hal_rcc.o
LOAD Drivers/STM32F4xx_HAL_Driver/Src/stm32f4xx_hal_rcc_ex.o
LOAD Drivers/STM32F4xx_HAL_Driver/Src/stm32f4xx_hal_tim.o
LOAD Drivers/STM32F4xx_HAL_Driver/Src/stm32f4xx_hal_tim_ex.o
LOAD Drivers/STM32F4xx_HAL_Driver/Src/stm32f4xx_hal_uart.o
START GROUP
LOAD e:/cubeide/stm32cubeide_1.6.0/stm32cubeide/plugins/com.st.stm32cube.ide.mcu.externaltools.gnu-tools-for-stm32.9-2020-q2-update.win32_1.5.0.202011040924/tools/bin/../lib/gcc/arm-none-eabi/9.3.1/../../../../arm-none-eabi/lib/thumb/v7e-m+fp/hard\libc_nano.a
LOAD e:/cubeide/stm32cubeide_1.6.0/stm32cubeide/plugins/com.st.stm32cube.ide.mcu.externaltools.gnu-tools-for-stm32.9-2020-q2-update.win32_1.5.0.202011040924/tools/bin/../lib/gcc/arm-none-eabi/9.3.1/../../../../arm-none-eabi/lib/thumb/v7e-m+fp/hard\libm.a
END GROUP
START GROUP
LOAD e:/cubeide/stm32cubeide_1.6.0/stm32cubeide/plugins/com.st.stm32cube.ide.mcu.externaltools.gnu-tools-for-stm32.9-2020-q2-update.win32_1.5.0.202011040924/tools/bin/../lib/gcc/arm-none-eabi/9.3.1/thumb/v7e-m+fp/hard\libgcc.a
LOAD e:/cubeide/stm32cubeide_1.6.0/stm32cubeide/plugins/com.st.stm32cube.ide.mcu.externaltools.gnu-tools-for-stm32.9-2020-q2-update.win32_1.5.0.202011040924/tools/bin/../lib/gcc/arm-none-eabi/9.3.1/../../../../arm-none-eabi/lib/thumb/v7e-m+fp/hard\libc_nano.a
END GROUP
START GROUP
LOAD e:/cubeide/stm32cubeide_1.6.0/stm32cubeide/plugins/com.st.stm32cube.ide.mcu.externaltools.gnu-tools-for-stm32.9-2020-q2-update.win32_1.5.0.202011040924/tools/bin/../lib/gcc/arm-none-eabi/9.3.1/thumb/v7e-m+fp/hard\libgcc.a
LOAD e:/cubeide/stm32cubeide_1.6.0/stm32cubeide/plugins/com.st.stm32cube.ide.mcu.externaltools.gnu-tools-for-stm32.9-2020-q2-update.win32_1.5.0.202011040924/tools/bin/../lib/gcc/arm-none-eabi/9.3.1/../../../../arm-none-eabi/lib/thumb/v7e-m+fp/hard\libc_nano.a
LOAD e:/cubeide/stm32cubeide_1.6.0/stm32cubeide/plugins/com.st.stm32cube.ide.mcu.externaltools.gnu-tools-for-stm32.9-2020-q2-update.win32_1.5.0.202011040924/tools/bin/../lib/gcc/arm-none-eabi/9.3.1/../../../../arm-none-eabi/lib/thumb/v7e-m+fp/hard\libnosys.a
END GROUP
START GROUP
LOAD e:/cubeide/stm32cubeide_1.6.0/stm32cubeide/plugins/com.st.stm32cube.ide.mcu.externaltools.gnu-tools-for-stm32.9-2020-q2-update.win32_1.5.0.202011040924/tools/bin/../lib/gcc/arm-none-eabi/9.3.1/thumb/v7e-m+fp/hard\libgcc.a
LOAD e:/cubeide/stm32cubeide_1.6.0/stm32cubeide/plugins/com.st.stm32cube.ide.mcu.externaltools.gnu-tools-for-stm32.9-2020-q2-update.win32_1.5.0.202011040924/tools/bin/../lib/gcc/arm-none-eabi/9.3.1/../../../../arm-none-eabi/lib/thumb/v7e-m+fp/hard\libc_nano.a
LOAD e:/cubeide/stm32cubeide_1.6.0/stm32cubeide/plugins/com.st.stm32cube.ide.mcu.externaltools.gnu-tools-for-stm32.9-2020-q2-update.win32_1.5.0.202011040924/tools/bin/../lib/gcc/arm-none-eabi/9.3.1/../../../../arm-none-eabi/lib/thumb/v7e-m+fp/hard\libnosys.a
END GROUP
LOAD e:/cubeide/stm32cubeide_1.6.0/stm32cubeide/plugins/com.st.stm32cube.ide.mcu.externaltools.gnu-tools-for-stm32.9-2020-q2-update.win32_1.5.0.202011040924/tools/bin/../lib/gcc/arm-none-eabi/9.3.1/thumb/v7e-m+fp/hard/crtend.o
LOAD e:/cubeide/stm32cubeide_1.6.0/stm32cubeide/plugins/com.st.stm32cube.ide.mcu.externaltools.gnu-tools-for-stm32.9-2020-q2-update.win32_1.5.0.202011040924/tools/bin/../lib/gcc/arm-none-eabi/9.3.1/thumb/v7e-m+fp/hard/crtn.o
                0x0000000020020000                _estack = (ORIGIN (RAM) + LENGTH (RAM))
                0x0000000000000200                _Min_Heap_Size = 0x200
                0x0000000000000400                _Min_Stack_Size = 0x400

.isr_vector     0x0000000008000000      0x188
                0x0000000008000000                . = ALIGN (0x4)
 *(.isr_vector)
 .isr_vector    0x0000000008000000      0x188 Core/Startup/startup_stm32f407zetx.o
                0x0000000008000000                g_pfnVectors
                0x0000000008000188                . = ALIGN (0x4)

.text           0x0000000008000188     0x4f4c
                0x0000000008000188                . = ALIGN (0x4)
 *(.text)
 .text          0x0000000008000188       0x40 e:/cubeide/stm32cubeide_1.6.0/stm32cubeide/plugins/com.st.stm32cube.ide.mcu.externaltools.gnu-tools-for-stm32.9-2020-q2-update.win32_1.5.0.202011040924/tools/bin/../lib/gcc/arm-none-eabi/9.3.1/thumb/v7e-m+fp/hard/crtbegin.o
 .text          0x00000000080001c8       0x30 e:/cubeide/stm32cubeide_1.6.0/stm32cubeide/plugins/com.st.stm32cube.ide.mcu.externaltools.gnu-tools-for-stm32.9-2020-q2-update.win32_1.5.0.202011040924/tools/bin/../lib/gcc/arm-none-eabi/9.3.1/thumb/v7e-m+fp/hard\libgcc.a(_aeabi_uldivmod.o)
                0x00000000080001c8                __aeabi_uldivmod
 .text          0x00000000080001f8      0x2c4 e:/cubeide/stm32cubeide_1.6.0/stm32cubeide/plugins/com.st.stm32cube.ide.mcu.externaltools.gnu-tools-for-stm32.9-2020-q2-update.win32_1.5.0.202011040924/tools/bin/../lib/gcc/arm-none-eabi/9.3.1/thumb/v7e-m+fp/hard\libgcc.a(_udivmoddi4.o)
                0x00000000080001f8                __udivmoddi4
 .text          0x00000000080004bc        0x4 e:/cubeide/stm32cubeide_1.6.0/stm32cubeide/plugins/com.st.stm32cube.ide.mcu.externaltools.gnu-tools-for-stm32.9-2020-q2-update.win32_1.5.0.202011040924/tools/bin/../lib/gcc/arm-none-eabi/9.3.1/thumb/v7e-m+fp/hard\libgcc.a(_dvmd_tls.o)
                0x00000000080004bc                __aeabi_idiv0
                0x00000000080004bc                __aeabi_ldiv0
 *(.text*)
 .text.HAL_TIM_PeriodElapsedCallback
                0x00000000080004c0       0xcc Core/Src/control.o
                0x00000000080004c0                HAL_TIM_PeriodElapsedCallback
 .text.USER_UART_IRQHandler
                0x000000000800058c      0x128 Core/Src/control.o
                0x000000000800058c                USER_UART_IRQHandler
 .text.DistanceX_FeedbackControl
                0x00000000080006b4      0x134 Core/Src/control.o
                0x00000000080006b4                DistanceX_FeedbackControl
 .text.DistanceY_FeedbackControl
                0x00000000080007e8      0x134 Core/Src/control.o
                0x00000000080007e8                DistanceY_FeedbackControl
 .text.AngleX_Limited
                0x000000000800091c       0x24 Core/Src/control.o
                0x000000000800091c                AngleX_Limited
 .text.AngleY_Limited
                0x0000000008000940       0x30 Core/Src/control.o
                0x0000000008000940                AngleY_Limited
 .text.MX_DMA_Init
                0x0000000008000970       0x50 Core/Src/dma.o
                0x0000000008000970                MX_DMA_Init
 .text.MX_GPIO_Init
                0x00000000080009c0      0x168 Core/Src/gpio.o
                0x00000000080009c0                MX_GPIO_Init
 .text.MX_I2C1_Init
                0x0000000008000b28       0x5c Core/Src/i2c.o
                0x0000000008000b28                MX_I2C1_Init
 .text.HAL_I2C_MspInit
                0x0000000008000b84       0x90 Core/Src/i2c.o
                0x0000000008000b84                HAL_I2C_MspInit
 .text.KEY_Scan
                0x0000000008000c14      0x388 Core/Src/key.o
                0x0000000008000c14                KEY_Scan
 .text.main     0x0000000008000f9c      0x280 Core/Src/main.o
                0x0000000008000f9c                main
 .text.SystemClock_Config
                0x000000000800121c       0xd4 Core/Src/main.o
                0x000000000800121c                SystemClock_Config
 .text.Error_Handler
                0x00000000080012f0        0xa Core/Src/main.o
                0x00000000080012f0                Error_Handler
 *fill*         0x00000000080012fa        0x2 
 .text.moveServosByArray
                0x00000000080012fc       0xf0 Core/Src/motor.o
                0x00000000080012fc                moveServosByArray
 .text.servoRotate
                0x00000000080013ec       0x40 Core/Src/motor.o
                0x00000000080013ec                servoRotate
 .text.WriteCmd
                0x000000000800142c       0x4c Core/Src/oled.o
                0x000000000800142c                WriteCmd
 .text.OLED_WR_CMD
                0x0000000008001478       0x30 Core/Src/oled.o
                0x0000000008001478                OLED_WR_CMD
 .text.OLED_WR_DATA
                0x00000000080014a8       0x30 Core/Src/oled.o
                0x00000000080014a8                OLED_WR_DATA
 .text.OLED_Init
                0x00000000080014d8       0x12 Core/Src/oled.o
                0x00000000080014d8                OLED_Init
 .text.OLED_Clear
                0x00000000080014ea       0x54 Core/Src/oled.o
                0x00000000080014ea                OLED_Clear
 *fill*         0x000000000800153e        0x2 
 .text.HAL_MspInit
                0x0000000008001540       0x50 Core/Src/stm32f4xx_hal_msp.o
                0x0000000008001540                HAL_MspInit
 .text.NMI_Handler
                0x0000000008001590        0x6 Core/Src/stm32f4xx_it.o
                0x0000000008001590                NMI_Handler
 .text.HardFault_Handler
                0x0000000008001596        0x6 Core/Src/stm32f4xx_it.o
                0x0000000008001596                HardFault_Handler
 .text.MemManage_Handler
                0x000000000800159c        0x6 Core/Src/stm32f4xx_it.o
                0x000000000800159c                MemManage_Handler
 .text.BusFault_Handler
                0x00000000080015a2        0x6 Core/Src/stm32f4xx_it.o
                0x00000000080015a2                BusFault_Handler
 .text.UsageFault_Handler
                0x00000000080015a8        0x6 Core/Src/stm32f4xx_it.o
                0x00000000080015a8                UsageFault_Handler
 .text.SVC_Handler
                0x00000000080015ae        0xe Core/Src/stm32f4xx_it.o
                0x00000000080015ae                SVC_Handler
 .text.DebugMon_Handler
                0x00000000080015bc        0xe Core/Src/stm32f4xx_it.o
                0x00000000080015bc                DebugMon_Handler
 .text.PendSV_Handler
                0x00000000080015ca        0xe Core/Src/stm32f4xx_it.o
                0x00000000080015ca                PendSV_Handler
 .text.SysTick_Handler
                0x00000000080015d8        0xc Core/Src/stm32f4xx_it.o
                0x00000000080015d8                SysTick_Handler
 .text.USART1_IRQHandler
                0x00000000080015e4       0x18 Core/Src/stm32f4xx_it.o
                0x00000000080015e4                USART1_IRQHandler
 .text.TIM6_DAC_IRQHandler
                0x00000000080015fc       0x14 Core/Src/stm32f4xx_it.o
                0x00000000080015fc                TIM6_DAC_IRQHandler
 .text.DMA2_Stream2_IRQHandler
                0x0000000008001610       0x14 Core/Src/stm32f4xx_it.o
                0x0000000008001610                DMA2_Stream2_IRQHandler
 .text.DMA2_Stream7_IRQHandler
                0x0000000008001624       0x14 Core/Src/stm32f4xx_it.o
                0x0000000008001624                DMA2_Stream7_IRQHandler
 .text.SystemInit
                0x0000000008001638       0x24 Core/Src/system_stm32f4xx.o
                0x0000000008001638                SystemInit
 .text.MX_TIM6_Init
                0x000000000800165c       0x6c Core/Src/tim.o
                0x000000000800165c                MX_TIM6_Init
 .text.HAL_TIM_Base_MspInit
                0x00000000080016c8       0x50 Core/Src/tim.o
                0x00000000080016c8                HAL_TIM_Base_MspInit
 .text.MX_USART1_UART_Init
                0x0000000008001718       0x64 Core/Src/usart.o
                0x0000000008001718                MX_USART1_UART_Init
 .text.MX_USART3_UART_Init
                0x000000000800177c       0x54 Core/Src/usart.o
                0x000000000800177c                MX_USART3_UART_Init
 .text.HAL_UART_MspInit
                0x00000000080017d0      0x1dc Core/Src/usart.o
                0x00000000080017d0                HAL_UART_MspInit
 .text.Reset_Handler
                0x00000000080019ac       0x50 Core/Startup/startup_stm32f407zetx.o
                0x00000000080019ac                Reset_Handler
 .text.Default_Handler
                0x00000000080019fc        0x2 Core/Startup/startup_stm32f407zetx.o
                0x00000000080019fc                RTC_Alarm_IRQHandler
                0x00000000080019fc                HASH_RNG_IRQHandler
                0x00000000080019fc                EXTI2_IRQHandler
                0x00000000080019fc                TIM8_CC_IRQHandler
                0x00000000080019fc                TIM1_CC_IRQHandler
                0x00000000080019fc                DMA2_Stream5_IRQHandler
                0x00000000080019fc                DMA1_Stream5_IRQHandler
                0x00000000080019fc                PVD_IRQHandler
                0x00000000080019fc                SDIO_IRQHandler
                0x00000000080019fc                TAMP_STAMP_IRQHandler
                0x00000000080019fc                CAN2_RX1_IRQHandler
                0x00000000080019fc                EXTI3_IRQHandler
                0x00000000080019fc                TIM8_TRG_COM_TIM14_IRQHandler
                0x00000000080019fc                TIM1_UP_TIM10_IRQHandler
                0x00000000080019fc                TIM8_UP_TIM13_IRQHandler
                0x00000000080019fc                I2C3_ER_IRQHandler
                0x00000000080019fc                EXTI0_IRQHandler
                0x00000000080019fc                I2C2_EV_IRQHandler
                0x00000000080019fc                DMA1_Stream2_IRQHandler
                0x00000000080019fc                CAN1_RX0_IRQHandler
                0x00000000080019fc                FPU_IRQHandler
                0x00000000080019fc                OTG_HS_WKUP_IRQHandler
                0x00000000080019fc                CAN2_SCE_IRQHandler
                0x00000000080019fc                SPI1_IRQHandler
                0x00000000080019fc                TIM1_BRK_TIM9_IRQHandler
                0x00000000080019fc                DCMI_IRQHandler
                0x00000000080019fc                CAN2_RX0_IRQHandler
                0x00000000080019fc                DMA2_Stream3_IRQHandler
                0x00000000080019fc                USART6_IRQHandler
                0x00000000080019fc                USART3_IRQHandler
                0x00000000080019fc                CAN1_RX1_IRQHandler
                0x00000000080019fc                UART5_IRQHandler
                0x00000000080019fc                DMA2_Stream0_IRQHandler
                0x00000000080019fc                TIM4_IRQHandler
                0x00000000080019fc                I2C1_EV_IRQHandler
                0x00000000080019fc                DMA1_Stream6_IRQHandler
                0x00000000080019fc                DMA1_Stream1_IRQHandler
                0x00000000080019fc                UART4_IRQHandler
                0x00000000080019fc                TIM3_IRQHandler
                0x00000000080019fc                RCC_IRQHandler
                0x00000000080019fc                TIM8_BRK_TIM12_IRQHandler
                0x00000000080019fc                Default_Handler
                0x00000000080019fc                EXTI15_10_IRQHandler
                0x00000000080019fc                ADC_IRQHandler
                0x00000000080019fc                DMA1_Stream7_IRQHandler
                0x00000000080019fc                TIM7_IRQHandler
                0x00000000080019fc                CAN2_TX_IRQHandler
                0x00000000080019fc                TIM5_IRQHandler
                0x00000000080019fc                I2C3_EV_IRQHandler
                0x00000000080019fc                EXTI9_5_IRQHandler
                0x00000000080019fc                RTC_WKUP_IRQHandler
                0x00000000080019fc                ETH_WKUP_IRQHandler
                0x00000000080019fc                SPI2_IRQHandler
                0x00000000080019fc                OTG_HS_EP1_IN_IRQHandler
                0x00000000080019fc                DMA1_Stream0_IRQHandler
                0x00000000080019fc                CAN1_TX_IRQHandler
                0x00000000080019fc                EXTI4_IRQHandler
                0x00000000080019fc                FSMC_IRQHandler
                0x00000000080019fc                ETH_IRQHandler
                0x00000000080019fc                OTG_HS_EP1_OUT_IRQHandler
                0x00000000080019fc                WWDG_IRQHandler
                0x00000000080019fc                TIM2_IRQHandler
                0x00000000080019fc                OTG_FS_WKUP_IRQHandler
                0x00000000080019fc                TIM1_TRG_COM_TIM11_IRQHandler
                0x00000000080019fc                OTG_HS_IRQHandler
                0x00000000080019fc                EXTI1_IRQHandler
                0x00000000080019fc                USART2_IRQHandler
                0x00000000080019fc                I2C2_ER_IRQHandler
                0x00000000080019fc                DMA2_Stream1_IRQHandler
                0x00000000080019fc                CAN1_SCE_IRQHandler
                0x00000000080019fc                FLASH_IRQHandler
                0x00000000080019fc                DMA2_Stream4_IRQHandler
                0x00000000080019fc                OTG_FS_IRQHandler
                0x00000000080019fc                SPI3_IRQHandler
                0x00000000080019fc                DMA1_Stream4_IRQHandler
                0x00000000080019fc                I2C1_ER_IRQHandler
                0x00000000080019fc                DMA2_Stream6_IRQHandler
                0x00000000080019fc                DMA1_Stream3_IRQHandler
 *fill*         0x00000000080019fe        0x2 
 .text.HAL_Init
                0x0000000008001a00       0x44 Drivers/STM32F4xx_HAL_Driver/Src/stm32f4xx_hal.o
                0x0000000008001a00                HAL_Init
 .text.HAL_InitTick
                0x0000000008001a44       0x60 Drivers/STM32F4xx_HAL_Driver/Src/stm32f4xx_hal.o
                0x0000000008001a44                HAL_InitTick
 .text.HAL_IncTick
                0x0000000008001aa4       0x28 Drivers/STM32F4xx_HAL_Driver/Src/stm32f4xx_hal.o
                0x0000000008001aa4                HAL_IncTick
 .text.HAL_GetTick
                0x0000000008001acc       0x18 Drivers/STM32F4xx_HAL_Driver/Src/stm32f4xx_hal.o
                0x0000000008001acc                HAL_GetTick
 .text.HAL_Delay
                0x0000000008001ae4       0x48 Drivers/STM32F4xx_HAL_Driver/Src/stm32f4xx_hal.o
                0x0000000008001ae4                HAL_Delay
 .text.__NVIC_SetPriorityGrouping
                0x0000000008001b2c       0x48 Drivers/STM32F4xx_HAL_Driver/Src/stm32f4xx_hal_cortex.o
 .text.__NVIC_GetPriorityGrouping
                0x0000000008001b74       0x1c Drivers/STM32F4xx_HAL_Driver/Src/stm32f4xx_hal_cortex.o
 .text.__NVIC_EnableIRQ
                0x0000000008001b90       0x3c Drivers/STM32F4xx_HAL_Driver/Src/stm32f4xx_hal_cortex.o
 .text.__NVIC_SetPriority
                0x0000000008001bcc       0x54 Drivers/STM32F4xx_HAL_Driver/Src/stm32f4xx_hal_cortex.o
 .text.NVIC_EncodePriority
                0x0000000008001c20       0x66 Drivers/STM32F4xx_HAL_Driver/Src/stm32f4xx_hal_cortex.o
 *fill*         0x0000000008001c86        0x2 
 .text.SysTick_Config
                0x0000000008001c88       0x44 Drivers/STM32F4xx_HAL_Driver/Src/stm32f4xx_hal_cortex.o
 .text.HAL_NVIC_SetPriorityGrouping
                0x0000000008001ccc       0x16 Drivers/STM32F4xx_HAL_Driver/Src/stm32f4xx_hal_cortex.o
                0x0000000008001ccc                HAL_NVIC_SetPriorityGrouping
 .text.HAL_NVIC_SetPriority
                0x0000000008001ce2       0x38 Drivers/STM32F4xx_HAL_Driver/Src/stm32f4xx_hal_cortex.o
                0x0000000008001ce2                HAL_NVIC_SetPriority
 .text.HAL_NVIC_EnableIRQ
                0x0000000008001d1a       0x1c Drivers/STM32F4xx_HAL_Driver/Src/stm32f4xx_hal_cortex.o
                0x0000000008001d1a                HAL_NVIC_EnableIRQ
 .text.HAL_SYSTICK_Config
                0x0000000008001d36       0x18 Drivers/STM32F4xx_HAL_Driver/Src/stm32f4xx_hal_cortex.o
                0x0000000008001d36                HAL_SYSTICK_Config
 *fill*         0x0000000008001d4e        0x2 
 .text.HAL_DMA_Init
                0x0000000008001d50      0x15c Drivers/STM32F4xx_HAL_Driver/Src/stm32f4xx_hal_dma.o
                0x0000000008001d50                HAL_DMA_Init
 .text.HAL_DMA_Start_IT
                0x0000000008001eac       0xb0 Drivers/STM32F4xx_HAL_Driver/Src/stm32f4xx_hal_dma.o
                0x0000000008001eac                HAL_DMA_Start_IT
 .text.HAL_DMA_Abort
                0x0000000008001f5c       0xe0 Drivers/STM32F4xx_HAL_Driver/Src/stm32f4xx_hal_dma.o
                0x0000000008001f5c                HAL_DMA_Abort
 .text.HAL_DMA_Abort_IT
                0x000000000800203c       0x44 Drivers/STM32F4xx_HAL_Driver/Src/stm32f4xx_hal_dma.o
                0x000000000800203c                HAL_DMA_Abort_IT
 .text.HAL_DMA_IRQHandler
                0x0000000008002080      0x314 Drivers/STM32F4xx_HAL_Driver/Src/stm32f4xx_hal_dma.o
                0x0000000008002080                HAL_DMA_IRQHandler
 .text.DMA_SetConfig
                0x0000000008002394       0x5c Drivers/STM32F4xx_HAL_Driver/Src/stm32f4xx_hal_dma.o
 .text.DMA_CalcBaseAndBitshift
                0x00000000080023f0       0x6c Drivers/STM32F4xx_HAL_Driver/Src/stm32f4xx_hal_dma.o
 .text.DMA_CheckFifoParam
                0x000000000800245c       0xf8 Drivers/STM32F4xx_HAL_Driver/Src/stm32f4xx_hal_dma.o
 .text.HAL_GPIO_Init
                0x0000000008002554      0x338 Drivers/STM32F4xx_HAL_Driver/Src/stm32f4xx_hal_gpio.o
                0x0000000008002554                HAL_GPIO_Init
 .text.HAL_GPIO_ReadPin
                0x000000000800288c       0x30 Drivers/STM32F4xx_HAL_Driver/Src/stm32f4xx_hal_gpio.o
                0x000000000800288c                HAL_GPIO_ReadPin
 .text.HAL_GPIO_WritePin
                0x00000000080028bc       0x32 Drivers/STM32F4xx_HAL_Driver/Src/stm32f4xx_hal_gpio.o
                0x00000000080028bc                HAL_GPIO_WritePin
 *fill*         0x00000000080028ee        0x2 
 .text.HAL_I2C_Init
                0x00000000080028f0      0x288 Drivers/STM32F4xx_HAL_Driver/Src/stm32f4xx_hal_i2c.o
                0x00000000080028f0                HAL_I2C_Init
 .text.HAL_I2C_Mem_Write
                0x0000000008002b78      0x1f4 Drivers/STM32F4xx_HAL_Driver/Src/stm32f4xx_hal_i2c.o
                0x0000000008002b78                HAL_I2C_Mem_Write
 .text.I2C_RequestMemoryWrite
                0x0000000008002d6c      0x12c Drivers/STM32F4xx_HAL_Driver/Src/stm32f4xx_hal_i2c.o
 .text.I2C_WaitOnFlagUntilTimeout
                0x0000000008002e98       0xae Drivers/STM32F4xx_HAL_Driver/Src/stm32f4xx_hal_i2c.o
 .text.I2C_WaitOnMasterAddressFlagUntilTimeout
                0x0000000008002f46       0xfe Drivers/STM32F4xx_HAL_Driver/Src/stm32f4xx_hal_i2c.o
 .text.I2C_WaitOnTXEFlagUntilTimeout
                0x0000000008003044       0x82 Drivers/STM32F4xx_HAL_Driver/Src/stm32f4xx_hal_i2c.o
 .text.I2C_WaitOnBTFFlagUntilTimeout
                0x00000000080030c6       0x82 Drivers/STM32F4xx_HAL_Driver/Src/stm32f4xx_hal_i2c.o
 .text.I2C_IsAcknowledgeFailed
                0x0000000008003148       0x5e Drivers/STM32F4xx_HAL_Driver/Src/stm32f4xx_hal_i2c.o
 *fill*         0x00000000080031a6        0x2 
 .text.HAL_RCC_OscConfig
                0x00000000080031a8      0x4f0 Drivers/STM32F4xx_HAL_Driver/Src/stm32f4xx_hal_rcc.o
                0x00000000080031a8                HAL_RCC_OscConfig
 .text.HAL_RCC_ClockConfig
                0x0000000008003698      0x1cc Drivers/STM32F4xx_HAL_Driver/Src/stm32f4xx_hal_rcc.o
                0x0000000008003698                HAL_RCC_ClockConfig
 .text.HAL_RCC_GetSysClockFreq
                0x0000000008003864      0x16c Drivers/STM32F4xx_HAL_Driver/Src/stm32f4xx_hal_rcc.o
                0x0000000008003864                HAL_RCC_GetSysClockFreq
 .text.HAL_RCC_GetHCLKFreq
                0x00000000080039d0       0x18 Drivers/STM32F4xx_HAL_Driver/Src/stm32f4xx_hal_rcc.o
                0x00000000080039d0                HAL_RCC_GetHCLKFreq
 .text.HAL_RCC_GetPCLK1Freq
                0x00000000080039e8       0x28 Drivers/STM32F4xx_HAL_Driver/Src/stm32f4xx_hal_rcc.o
                0x00000000080039e8                HAL_RCC_GetPCLK1Freq
 .text.HAL_RCC_GetPCLK2Freq
                0x0000000008003a10       0x28 Drivers/STM32F4xx_HAL_Driver/Src/stm32f4xx_hal_rcc.o
                0x0000000008003a10                HAL_RCC_GetPCLK2Freq
 .text.HAL_TIM_Base_Init
                0x0000000008003a38       0x9e Drivers/STM32F4xx_HAL_Driver/Src/stm32f4xx_hal_tim.o
                0x0000000008003a38                HAL_TIM_Base_Init
 *fill*         0x0000000008003ad6        0x2 
 .text.HAL_TIM_Base_Start_IT
                0x0000000008003ad8       0xe0 Drivers/STM32F4xx_HAL_Driver/Src/stm32f4xx_hal_tim.o
                0x0000000008003ad8                HAL_TIM_Base_Start_IT
 .text.HAL_TIM_Base_Stop_IT
                0x0000000008003bb8       0x5e Drivers/STM32F4xx_HAL_Driver/Src/stm32f4xx_hal_tim.o
                0x0000000008003bb8                HAL_TIM_Base_Stop_IT
 .text.HAL_TIM_IRQHandler
                0x0000000008003c16      0x210 Drivers/STM32F4xx_HAL_Driver/Src/stm32f4xx_hal_tim.o
                0x0000000008003c16                HAL_TIM_IRQHandler
 .text.HAL_TIM_OC_DelayElapsedCallback
                0x0000000008003e26       0x14 Drivers/STM32F4xx_HAL_Driver/Src/stm32f4xx_hal_tim.o
                0x0000000008003e26                HAL_TIM_OC_DelayElapsedCallback
 .text.HAL_TIM_IC_CaptureCallback
                0x0000000008003e3a       0x14 Drivers/STM32F4xx_HAL_Driver/Src/stm32f4xx_hal_tim.o
                0x0000000008003e3a                HAL_TIM_IC_CaptureCallback
 .text.HAL_TIM_PWM_PulseFinishedCallback
                0x0000000008003e4e       0x14 Drivers/STM32F4xx_HAL_Driver/Src/stm32f4xx_hal_tim.o
                0x0000000008003e4e                HAL_TIM_PWM_PulseFinishedCallback
 .text.HAL_TIM_TriggerCallback
                0x0000000008003e62       0x14 Drivers/STM32F4xx_HAL_Driver/Src/stm32f4xx_hal_tim.o
                0x0000000008003e62                HAL_TIM_TriggerCallback
 *fill*         0x0000000008003e76        0x2 
 .text.TIM_Base_SetConfig
                0x0000000008003e78      0x140 Drivers/STM32F4xx_HAL_Driver/Src/stm32f4xx_hal_tim.o
                0x0000000008003e78                TIM_Base_SetConfig
 .text.HAL_TIMEx_MasterConfigSynchronization
                0x0000000008003fb8       0xf8 Drivers/STM32F4xx_HAL_Driver/Src/stm32f4xx_hal_tim_ex.o
                0x0000000008003fb8                HAL_TIMEx_MasterConfigSynchronization
 .text.HAL_TIMEx_CommutCallback
                0x00000000080040b0       0x14 Drivers/STM32F4xx_HAL_Driver/Src/stm32f4xx_hal_tim_ex.o
                0x00000000080040b0                HAL_TIMEx_CommutCallback
 .text.HAL_TIMEx_BreakCallback
                0x00000000080040c4       0x14 Drivers/STM32F4xx_HAL_Driver/Src/stm32f4xx_hal_tim_ex.o
                0x00000000080040c4                HAL_TIMEx_BreakCallback
 .text.HAL_UART_Init
                0x00000000080040d8       0x9a Drivers/STM32F4xx_HAL_Driver/Src/stm32f4xx_hal_uart.o
                0x00000000080040d8                HAL_UART_Init
 .text.HAL_UART_Transmit
                0x0000000008004172      0x124 Drivers/STM32F4xx_HAL_Driver/Src/stm32f4xx_hal_uart.o
                0x0000000008004172                HAL_UART_Transmit
 .text.HAL_UART_Receive_DMA
                0x0000000008004296       0x60 Drivers/STM32F4xx_HAL_Driver/Src/stm32f4xx_hal_uart.o
                0x0000000008004296                HAL_UART_Receive_DMA
 .text.HAL_UART_DMAStop
                0x00000000080042f6       0xb6 Drivers/STM32F4xx_HAL_Driver/Src/stm32f4xx_hal_uart.o
                0x00000000080042f6                HAL_UART_DMAStop
 .text.HAL_UART_IRQHandler
                0x00000000080043ac      0x358 Drivers/STM32F4xx_HAL_Driver/Src/stm32f4xx_hal_uart.o
                0x00000000080043ac                HAL_UART_IRQHandler
 .text.HAL_UART_TxCpltCallback
                0x0000000008004704       0x14 Drivers/STM32F4xx_HAL_Driver/Src/stm32f4xx_hal_uart.o
                0x0000000008004704                HAL_UART_TxCpltCallback
 .text.HAL_UART_RxCpltCallback
                0x0000000008004718       0x14 Drivers/STM32F4xx_HAL_Driver/Src/stm32f4xx_hal_uart.o
                0x0000000008004718                HAL_UART_RxCpltCallback
 .text.HAL_UART_RxHalfCpltCallback
                0x000000000800472c       0x14 Drivers/STM32F4xx_HAL_Driver/Src/stm32f4xx_hal_uart.o
                0x000000000800472c                HAL_UART_RxHalfCpltCallback
 .text.HAL_UART_ErrorCallback
                0x0000000008004740       0x14 Drivers/STM32F4xx_HAL_Driver/Src/stm32f4xx_hal_uart.o
                0x0000000008004740                HAL_UART_ErrorCallback
 .text.HAL_UARTEx_RxEventCallback
                0x0000000008004754       0x18 Drivers/STM32F4xx_HAL_Driver/Src/stm32f4xx_hal_uart.o
                0x0000000008004754                HAL_UARTEx_RxEventCallback
 .text.UART_DMAReceiveCplt
                0x000000000800476c       0x96 Drivers/STM32F4xx_HAL_Driver/Src/stm32f4xx_hal_uart.o
 .text.UART_DMARxHalfCplt
                0x0000000008004802       0x36 Drivers/STM32F4xx_HAL_Driver/Src/stm32f4xx_hal_uart.o
 .text.UART_DMAError
                0x0000000008004838       0x94 Drivers/STM32F4xx_HAL_Driver/Src/stm32f4xx_hal_uart.o
 .text.UART_WaitOnFlagUntilTimeout
                0x00000000080048cc       0x94 Drivers/STM32F4xx_HAL_Driver/Src/stm32f4xx_hal_uart.o
 .text.UART_Start_Receive_DMA
                0x0000000008004960       0xc8 Drivers/STM32F4xx_HAL_Driver/Src/stm32f4xx_hal_uart.o
                0x0000000008004960                UART_Start_Receive_DMA
 .text.UART_EndTxTransfer
                0x0000000008004a28       0x2c Drivers/STM32F4xx_HAL_Driver/Src/stm32f4xx_hal_uart.o
 .text.UART_EndRxTransfer
                0x0000000008004a54       0x5a Drivers/STM32F4xx_HAL_Driver/Src/stm32f4xx_hal_uart.o
 .text.UART_DMAAbortOnError
                0x0000000008004aae       0x28 Drivers/STM32F4xx_HAL_Driver/Src/stm32f4xx_hal_uart.o
 .text.UART_Transmit_IT
                0x0000000008004ad6       0xa0 Drivers/STM32F4xx_HAL_Driver/Src/stm32f4xx_hal_uart.o
 .text.UART_EndTransmit_IT
                0x0000000008004b76       0x30 Drivers/STM32F4xx_HAL_Driver/Src/stm32f4xx_hal_uart.o
 .text.UART_Receive_IT
                0x0000000008004ba6      0x12e Drivers/STM32F4xx_HAL_Driver/Src/stm32f4xx_hal_uart.o
 .text.UART_SetConfig
                0x0000000008004cd4      0x390 Drivers/STM32F4xx_HAL_Driver/Src/stm32f4xx_hal_uart.o
 .text.__libc_init_array
                0x0000000008005064       0x48 e:/cubeide/stm32cubeide_1.6.0/stm32cubeide/plugins/com.st.stm32cube.ide.mcu.externaltools.gnu-tools-for-stm32.9-2020-q2-update.win32_1.5.0.202011040924/tools/bin/../lib/gcc/arm-none-eabi/9.3.1/../../../../arm-none-eabi/lib/thumb/v7e-m+fp/hard\libc_nano.a(lib_a-init.o)
                0x0000000008005064                __libc_init_array
 .text.memset   0x00000000080050ac       0x10 e:/cubeide/stm32cubeide_1.6.0/stm32cubeide/plugins/com.st.stm32cube.ide.mcu.externaltools.gnu-tools-for-stm32.9-2020-q2-update.win32_1.5.0.202011040924/tools/bin/../lib/gcc/arm-none-eabi/9.3.1/../../../../arm-none-eabi/lib/thumb/v7e-m+fp/hard\libc_nano.a(lib_a-memset.o)
                0x00000000080050ac                memset
 *(.glue_7)
 .glue_7        0x00000000080050bc        0x0 linker stubs
 *(.glue_7t)
 .glue_7t       0x00000000080050bc        0x0 linker stubs
 *(.eh_frame)
 .eh_frame      0x00000000080050bc        0x0 e:/cubeide/stm32cubeide_1.6.0/stm32cubeide/plugins/com.st.stm32cube.ide.mcu.externaltools.gnu-tools-for-stm32.9-2020-q2-update.win32_1.5.0.202011040924/tools/bin/../lib/gcc/arm-none-eabi/9.3.1/thumb/v7e-m+fp/hard/crtbegin.o
 *(.init)
 .init          0x00000000080050bc        0x4 e:/cubeide/stm32cubeide_1.6.0/stm32cubeide/plugins/com.st.stm32cube.ide.mcu.externaltools.gnu-tools-for-stm32.9-2020-q2-update.win32_1.5.0.202011040924/tools/bin/../lib/gcc/arm-none-eabi/9.3.1/thumb/v7e-m+fp/hard/crti.o
                0x00000000080050bc                _init
 .init          0x00000000080050c0        0x8 e:/cubeide/stm32cubeide_1.6.0/stm32cubeide/plugins/com.st.stm32cube.ide.mcu.externaltools.gnu-tools-for-stm32.9-2020-q2-update.win32_1.5.0.202011040924/tools/bin/../lib/gcc/arm-none-eabi/9.3.1/thumb/v7e-m+fp/hard/crtn.o
 *(.fini)
 .fini          0x00000000080050c8        0x4 e:/cubeide/stm32cubeide_1.6.0/stm32cubeide/plugins/com.st.stm32cube.ide.mcu.externaltools.gnu-tools-for-stm32.9-2020-q2-update.win32_1.5.0.202011040924/tools/bin/../lib/gcc/arm-none-eabi/9.3.1/thumb/v7e-m+fp/hard/crti.o
                0x00000000080050c8                _fini
 .fini          0x00000000080050cc        0x8 e:/cubeide/stm32cubeide_1.6.0/stm32cubeide/plugins/com.st.stm32cube.ide.mcu.externaltools.gnu-tools-for-stm32.9-2020-q2-update.win32_1.5.0.202011040924/tools/bin/../lib/gcc/arm-none-eabi/9.3.1/thumb/v7e-m+fp/hard/crtn.o
                0x00000000080050d4                . = ALIGN (0x4)
                0x00000000080050d4                _etext = .

.vfp11_veneer   0x00000000080050d4        0x0
 .vfp11_veneer  0x00000000080050d4        0x0 linker stubs

.v4_bx          0x00000000080050d4        0x0
 .v4_bx         0x00000000080050d4        0x0 linker stubs

.iplt           0x00000000080050d4        0x0
 .iplt          0x00000000080050d4        0x0 e:/cubeide/stm32cubeide_1.6.0/stm32cubeide/plugins/com.st.stm32cube.ide.mcu.externaltools.gnu-tools-for-stm32.9-2020-q2-update.win32_1.5.0.202011040924/tools/bin/../lib/gcc/arm-none-eabi/9.3.1/thumb/v7e-m+fp/hard/crtbegin.o

.rodata         0x00000000080050d4       0x20
                0x00000000080050d4                . = ALIGN (0x4)
 *(.rodata)
 *(.rodata*)
 .rodata.AHBPrescTable
                0x00000000080050d4       0x10 Core/Src/system_stm32f4xx.o
                0x00000000080050d4                AHBPrescTable
 .rodata.APBPrescTable
                0x00000000080050e4        0x8 Core/Src/system_stm32f4xx.o
                0x00000000080050e4                APBPrescTable
 .rodata.flagBitshiftOffset.8557
                0x00000000080050ec        0x8 Drivers/STM32F4xx_HAL_Driver/Src/stm32f4xx_hal_dma.o
                0x00000000080050f4                . = ALIGN (0x4)

.ARM.extab      0x00000000080050f4        0x0
                0x00000000080050f4                . = ALIGN (0x4)
 *(.ARM.extab* .gnu.linkonce.armextab.*)
                0x00000000080050f4                . = ALIGN (0x4)

.ARM            0x00000000080050f4        0x8
                0x00000000080050f4                . = ALIGN (0x4)
                0x00000000080050f4                __exidx_start = .
 *(.ARM.exidx*)
 .ARM.exidx     0x00000000080050f4        0x8 e:/cubeide/stm32cubeide_1.6.0/stm32cubeide/plugins/com.st.stm32cube.ide.mcu.externaltools.gnu-tools-for-stm32.9-2020-q2-update.win32_1.5.0.202011040924/tools/bin/../lib/gcc/arm-none-eabi/9.3.1/thumb/v7e-m+fp/hard\libgcc.a(_udivmoddi4.o)
                0x00000000080050fc                __exidx_end = .
                0x00000000080050fc                . = ALIGN (0x4)

.rel.dyn        0x00000000080050fc        0x0
 .rel.iplt      0x00000000080050fc        0x0 e:/cubeide/stm32cubeide_1.6.0/stm32cubeide/plugins/com.st.stm32cube.ide.mcu.externaltools.gnu-tools-for-stm32.9-2020-q2-update.win32_1.5.0.202011040924/tools/bin/../lib/gcc/arm-none-eabi/9.3.1/thumb/v7e-m+fp/hard/crtbegin.o

.preinit_array  0x00000000080050fc        0x0
                0x00000000080050fc                . = ALIGN (0x4)
                0x00000000080050fc                PROVIDE (__preinit_array_start = .)
 *(.preinit_array*)
                0x00000000080050fc                PROVIDE (__preinit_array_end = .)
                0x00000000080050fc                . = ALIGN (0x4)

.init_array     0x00000000080050fc        0x4
                0x00000000080050fc                . = ALIGN (0x4)
                0x00000000080050fc                PROVIDE (__init_array_start = .)
 *(SORT_BY_NAME(.init_array.*))
 *(.init_array*)
 .init_array    0x00000000080050fc        0x4 e:/cubeide/stm32cubeide_1.6.0/stm32cubeide/plugins/com.st.stm32cube.ide.mcu.externaltools.gnu-tools-for-stm32.9-2020-q2-update.win32_1.5.0.202011040924/tools/bin/../lib/gcc/arm-none-eabi/9.3.1/thumb/v7e-m+fp/hard/crtbegin.o
                0x0000000008005100                PROVIDE (__init_array_end = .)
                0x0000000008005100                . = ALIGN (0x4)

.fini_array     0x0000000008005100        0x4
                0x0000000008005100                . = ALIGN (0x4)
                [!provide]                        PROVIDE (__fini_array_start = .)
 *(SORT_BY_NAME(.fini_array.*))
 *(.fini_array*)
 .fini_array    0x0000000008005100        0x4 e:/cubeide/stm32cubeide_1.6.0/stm32cubeide/plugins/com.st.stm32cube.ide.mcu.externaltools.gnu-tools-for-stm32.9-2020-q2-update.win32_1.5.0.202011040924/tools/bin/../lib/gcc/arm-none-eabi/9.3.1/thumb/v7e-m+fp/hard/crtbegin.o
                [!provide]                        PROVIDE (__fini_array_end = .)
                0x0000000008005104                . = ALIGN (0x4)
                0x0000000008005104                _sidata = LOADADDR (.data)

.data           0x0000000020000000       0xb8 load address 0x0000000008005104
                0x0000000020000000                . = ALIGN (0x4)
                0x0000000020000000                _sdata = .
 *(.data)
 *(.data*)
 .data.CircleX  0x0000000020000000       0x32 Core/Src/control.o
                0x0000000020000000                CircleX
 *fill*         0x0000000020000032        0x2 
 .data.CircleY  0x0000000020000034       0x32 Core/Src/control.o
                0x0000000020000034                CircleY
 .data.key_up.8450
                0x0000000020000066        0x1 Core/Src/key.o
 *fill*         0x0000000020000067        0x1 
 .data.TargetPointX
                0x0000000020000068        0x2 Core/Src/main.o
                0x0000000020000068                TargetPointX
 .data.TargetPointY
                0x000000002000006a        0x2 Core/Src/main.o
                0x000000002000006a                TargetPointY
 .data.DistanceX_Kp
                0x000000002000006c        0x4 Core/Src/main.o
                0x000000002000006c                DistanceX_Kp
 .data.DistanceX_Ki
                0x0000000020000070        0x4 Core/Src/main.o
                0x0000000020000070                DistanceX_Ki
 .data.DistanceX_Kd
                0x0000000020000074        0x4 Core/Src/main.o
                0x0000000020000074                DistanceX_Kd
 .data.DistanceY_Kp
                0x0000000020000078        0x4 Core/Src/main.o
                0x0000000020000078                DistanceY_Kp
 .data.DistanceY_Ki
                0x000000002000007c        0x4 Core/Src/main.o
                0x000000002000007c                DistanceY_Ki
 .data.DistanceY_Kd
                0x0000000020000080        0x4 Core/Src/main.o
                0x0000000020000080                DistanceY_Kd
 .data.AngleXopen
                0x0000000020000084        0x2 Core/Src/main.o
                0x0000000020000084                AngleXopen
 .data.AngleYopen
                0x0000000020000086        0x2 Core/Src/main.o
                0x0000000020000086                AngleYopen
 .data.servoXY  0x0000000020000088        0x8 Core/Src/motor.o
                0x0000000020000088                servoXY
 .data.CMD_Data
                0x0000000020000090       0x1b Core/Src/oled.o
                0x0000000020000090                CMD_Data
 *fill*         0x00000000200000ab        0x1 
 .data.SystemCoreClock
                0x00000000200000ac        0x4 Core/Src/system_stm32f4xx.o
                0x00000000200000ac                SystemCoreClock
 .data.uwTickPrio
                0x00000000200000b0        0x4 Drivers/STM32F4xx_HAL_Driver/Src/stm32f4xx_hal.o
                0x00000000200000b0                uwTickPrio
 .data.uwTickFreq
                0x00000000200000b4        0x1 Drivers/STM32F4xx_HAL_Driver/Src/stm32f4xx_hal.o
                0x00000000200000b4                uwTickFreq
 *(.RamFunc)
 *(.RamFunc*)
                0x00000000200000b8                . = ALIGN (0x4)
 *fill*         0x00000000200000b5        0x3 
                0x00000000200000b8                _edata = .

.igot.plt       0x00000000200000b8        0x0 load address 0x00000000080051bc
 .igot.plt      0x00000000200000b8        0x0 e:/cubeide/stm32cubeide_1.6.0/stm32cubeide/plugins/com.st.stm32cube.ide.mcu.externaltools.gnu-tools-for-stm32.9-2020-q2-update.win32_1.5.0.202011040924/tools/bin/../lib/gcc/arm-none-eabi/9.3.1/thumb/v7e-m+fp/hard/crtbegin.o
                0x00000000200000b8                . = ALIGN (0x4)

.bss            0x00000000200000b8      0x398 load address 0x00000000080051bc
                0x00000000200000b8                _sbss = .
                0x00000000200000b8                __bss_start__ = _sbss
 *(.bss)
 .bss           0x00000000200000b8       0x1c e:/cubeide/stm32cubeide_1.6.0/stm32cubeide/plugins/com.st.stm32cube.ide.mcu.externaltools.gnu-tools-for-stm32.9-2020-q2-update.win32_1.5.0.202011040924/tools/bin/../lib/gcc/arm-none-eabi/9.3.1/thumb/v7e-m+fp/hard/crtbegin.o
 *(.bss*)
 .bss.CircleCount.8498
                0x00000000200000d4        0x4 Core/Src/control.o
 .bss.DistanceBiasX.8507
                0x00000000200000d8        0x4 Core/Src/control.o
 .bss.DistanceLast_BiasX.8509
                0x00000000200000dc        0x4 Core/Src/control.o
 .bss.PWMX.8508
                0x00000000200000e0        0x4 Core/Src/control.o
 .bss.DistanceBiasY.8514
                0x00000000200000e4        0x4 Core/Src/control.o
 .bss.DistanceLast_BiasY.8516
                0x00000000200000e8        0x4 Core/Src/control.o
 .bss.PWMY.8515
                0x00000000200000ec        0x4 Core/Src/control.o
 .bss.UART1_Rx_Buf
                0x00000000200000f0       0x64 Core/Src/main.o
                0x00000000200000f0                UART1_Rx_Buf
 .bss.pointX    0x0000000020000154        0x2 Core/Src/main.o
                0x0000000020000154                pointX
 .bss.pointY    0x0000000020000156        0x2 Core/Src/main.o
                0x0000000020000156                pointY
 *(COMMON)
 COMMON         0x0000000020000158        0x8 Core/Src/control.o
                0x0000000020000158                DistanceIntegral_biasY
                0x000000002000015c                DistanceIntegral_biasX
 COMMON         0x0000000020000160       0x54 Core/Src/i2c.o
                0x0000000020000160                hi2c1
 COMMON         0x00000000200001b4       0x71 Core/Src/main.o
                0x00000000200001b4                motorRun
                0x00000000200001b8                strBuffer
                0x000000002000021c                keyValue
                0x000000002000021e                AngleX
                0x0000000020000220                ringCount
                0x0000000020000222                AngleY
                0x0000000020000224                ringDerection
 *fill*         0x0000000020000225        0x3 
 COMMON         0x0000000020000228       0x94 Core/Src/motor.o
                0x0000000020000228                LobotRxBuf
                0x0000000020000238                batteryVolt
                0x000000002000023c                LobotTxBuf
 COMMON         0x00000000200002bc       0x48 Core/Src/tim.o
                0x00000000200002bc                htim6
 COMMON         0x0000000020000304      0x148 Core/Src/usart.o
                0x0000000020000304                huart3
                0x0000000020000348                hdma_usart1_tx
                0x00000000200003a8                hdma_usart1_rx
                0x0000000020000408                huart1
 COMMON         0x000000002000044c        0x4 Drivers/STM32F4xx_HAL_Driver/Src/stm32f4xx_hal.o
                0x000000002000044c                uwTick
                0x0000000020000450                . = ALIGN (0x4)
                0x0000000020000450                _ebss = .
                0x0000000020000450                __bss_end__ = _ebss

._user_heap_stack
                0x0000000020000450      0x600 load address 0x00000000080051bc
                0x0000000020000450                . = ALIGN (0x8)
                [!provide]                        PROVIDE (end = .)
                0x0000000020000450                PROVIDE (_end = .)
                0x0000000020000650                . = (. + _Min_Heap_Size)
 *fill*         0x0000000020000450      0x200 
                0x0000000020000a50                . = (. + _Min_Stack_Size)
 *fill*         0x0000000020000650      0x400 
                0x0000000020000a50                . = ALIGN (0x8)

/DISCARD/
 libc.a(*)
 libm.a(*)
 libgcc.a(*)

.ARM.attributes
                0x0000000000000000       0x30
 *(.ARM.attributes)
 .ARM.attributes
                0x0000000000000000       0x1e e:/cubeide/stm32cubeide_1.6.0/stm32cubeide/plugins/com.st.stm32cube.ide.mcu.externaltools.gnu-tools-for-stm32.9-2020-q2-update.win32_1.5.0.202011040924/tools/bin/../lib/gcc/arm-none-eabi/9.3.1/thumb/v7e-m+fp/hard/crti.o
 .ARM.attributes
                0x000000000000001e       0x34 e:/cubeide/stm32cubeide_1.6.0/stm32cubeide/plugins/com.st.stm32cube.ide.mcu.externaltools.gnu-tools-for-stm32.9-2020-q2-update.win32_1.5.0.202011040924/tools/bin/../lib/gcc/arm-none-eabi/9.3.1/thumb/v7e-m+fp/hard/crtbegin.o
 .ARM.attributes
                0x0000000000000052       0x34 Core/Src/control.o
 .ARM.attributes
                0x0000000000000086       0x34 Core/Src/dma.o
 .ARM.attributes
                0x00000000000000ba       0x34 Core/Src/gpio.o
 .ARM.attributes
                0x00000000000000ee       0x34 Core/Src/i2c.o
 .ARM.attributes
                0x0000000000000122       0x34 Core/Src/key.o
 .ARM.attributes
                0x0000000000000156       0x34 Core/Src/main.o
 .ARM.attributes
                0x000000000000018a       0x34 Core/Src/motor.o
 .ARM.attributes
                0x00000000000001be       0x34 Core/Src/oled.o
 .ARM.attributes
                0x00000000000001f2       0x34 Core/Src/stm32f4xx_hal_msp.o
 .ARM.attributes
                0x0000000000000226       0x34 Core/Src/stm32f4xx_it.o
 .ARM.attributes
                0x000000000000025a       0x34 Core/Src/system_stm32f4xx.o
 .ARM.attributes
                0x000000000000028e       0x34 Core/Src/tim.o
 .ARM.attributes
                0x00000000000002c2       0x34 Core/Src/usart.o
 .ARM.attributes
                0x00000000000002f6       0x21 Core/Startup/startup_stm32f407zetx.o
 .ARM.attributes
                0x0000000000000317       0x34 Drivers/STM32F4xx_HAL_Driver/Src/stm32f4xx_hal.o
 .ARM.attributes
                0x000000000000034b       0x34 Drivers/STM32F4xx_HAL_Driver/Src/stm32f4xx_hal_cortex.o
 .ARM.attributes
                0x000000000000037f       0x34 Drivers/STM32F4xx_HAL_Driver/Src/stm32f4xx_hal_dma.o
 .ARM.attributes
                0x00000000000003b3       0x34 Drivers/STM32F4xx_HAL_Driver/Src/stm32f4xx_hal_gpio.o
 .ARM.attributes
                0x00000000000003e7       0x34 Drivers/STM32F4xx_HAL_Driver/Src/stm32f4xx_hal_i2c.o
 .ARM.attributes
                0x000000000000041b       0x34 Drivers/STM32F4xx_HAL_Driver/Src/stm32f4xx_hal_rcc.o
 .ARM.attributes
                0x000000000000044f       0x34 Drivers/STM32F4xx_HAL_Driver/Src/stm32f4xx_hal_tim.o
 .ARM.attributes
                0x0000000000000483       0x34 Drivers/STM32F4xx_HAL_Driver/Src/stm32f4xx_hal_tim_ex.o
 .ARM.attributes
                0x00000000000004b7       0x34 Drivers/STM32F4xx_HAL_Driver/Src/stm32f4xx_hal_uart.o
 .ARM.attributes
                0x00000000000004eb       0x34 e:/cubeide/stm32cubeide_1.6.0/stm32cubeide/plugins/com.st.stm32cube.ide.mcu.externaltools.gnu-tools-for-stm32.9-2020-q2-update.win32_1.5.0.202011040924/tools/bin/../lib/gcc/arm-none-eabi/9.3.1/../../../../arm-none-eabi/lib/thumb/v7e-m+fp/hard\libc_nano.a(lib_a-init.o)
 .ARM.attributes
                0x000000000000051f       0x34 e:/cubeide/stm32cubeide_1.6.0/stm32cubeide/plugins/com.st.stm32cube.ide.mcu.externaltools.gnu-tools-for-stm32.9-2020-q2-update.win32_1.5.0.202011040924/tools/bin/../lib/gcc/arm-none-eabi/9.3.1/../../../../arm-none-eabi/lib/thumb/v7e-m+fp/hard\libc_nano.a(lib_a-memset.o)
 .ARM.attributes
                0x0000000000000553       0x1e e:/cubeide/stm32cubeide_1.6.0/stm32cubeide/plugins/com.st.stm32cube.ide.mcu.externaltools.gnu-tools-for-stm32.9-2020-q2-update.win32_1.5.0.202011040924/tools/bin/../lib/gcc/arm-none-eabi/9.3.1/thumb/v7e-m+fp/hard\libgcc.a(_aeabi_uldivmod.o)
 .ARM.attributes
                0x0000000000000571       0x34 e:/cubeide/stm32cubeide_1.6.0/stm32cubeide/plugins/com.st.stm32cube.ide.mcu.externaltools.gnu-tools-for-stm32.9-2020-q2-update.win32_1.5.0.202011040924/tools/bin/../lib/gcc/arm-none-eabi/9.3.1/thumb/v7e-m+fp/hard\libgcc.a(_udivmoddi4.o)
 .ARM.attributes
                0x00000000000005a5       0x1e e:/cubeide/stm32cubeide_1.6.0/stm32cubeide/plugins/com.st.stm32cube.ide.mcu.externaltools.gnu-tools-for-stm32.9-2020-q2-update.win32_1.5.0.202011040924/tools/bin/../lib/gcc/arm-none-eabi/9.3.1/thumb/v7e-m+fp/hard\libgcc.a(_dvmd_tls.o)
 .ARM.attributes
                0x00000000000005c3       0x1e e:/cubeide/stm32cubeide_1.6.0/stm32cubeide/plugins/com.st.stm32cube.ide.mcu.externaltools.gnu-tools-for-stm32.9-2020-q2-update.win32_1.5.0.202011040924/tools/bin/../lib/gcc/arm-none-eabi/9.3.1/thumb/v7e-m+fp/hard/crtn.o
OUTPUT(laserControl.elf elf32-littlearm)
LOAD linker stubs
LOAD e:/cubeide/stm32cubeide_1.6.0/stm32cubeide/plugins/com.st.stm32cube.ide.mcu.externaltools.gnu-tools-for-stm32.9-2020-q2-update.win32_1.5.0.202011040924/tools/bin/../lib/gcc/arm-none-eabi/9.3.1/../../../../arm-none-eabi/lib/thumb/v7e-m+fp/hard\libc.a
LOAD e:/cubeide/stm32cubeide_1.6.0/stm32cubeide/plugins/com.st.stm32cube.ide.mcu.externaltools.gnu-tools-for-stm32.9-2020-q2-update.win32_1.5.0.202011040924/tools/bin/../lib/gcc/arm-none-eabi/9.3.1/../../../../arm-none-eabi/lib/thumb/v7e-m+fp/hard\libm.a
LOAD e:/cubeide/stm32cubeide_1.6.0/stm32cubeide/plugins/com.st.stm32cube.ide.mcu.externaltools.gnu-tools-for-stm32.9-2020-q2-update.win32_1.5.0.202011040924/tools/bin/../lib/gcc/arm-none-eabi/9.3.1/thumb/v7e-m+fp/hard\libgcc.a

.debug_info     0x0000000000000000    0x13069
 .debug_info    0x0000000000000000      0xc84 Core/Src/control.o
 .debug_info    0x0000000000000c84      0x59c Core/Src/dma.o
 .debug_info    0x0000000000001220      0x54c Core/Src/gpio.o
 .debug_info    0x000000000000176c      0xa7d Core/Src/i2c.o
 .debug_info    0x00000000000021e9      0x282 Core/Src/key.o
 .debug_info    0x000000000000246b     0x1b7c Core/Src/main.o
 .debug_info    0x0000000000003fe7      0x7ab Core/Src/motor.o
 .debug_info    0x0000000000004792      0xb4c Core/Src/oled.o
 .debug_info    0x00000000000052de      0x394 Core/Src/stm32f4xx_hal_msp.o
 .debug_info    0x0000000000005672      0xab7 Core/Src/stm32f4xx_it.o
 .debug_info    0x0000000000006129      0x5a4 Core/Src/system_stm32f4xx.o
 .debug_info    0x00000000000066cd      0xc2f Core/Src/tim.o
 .debug_info    0x00000000000072fc      0xcb3 Core/Src/usart.o
 .debug_info    0x0000000000007faf       0x22 Core/Startup/startup_stm32f407zetx.o
 .debug_info    0x0000000000007fd1      0x9b2 Drivers/STM32F4xx_HAL_Driver/Src/stm32f4xx_hal.o
 .debug_info    0x0000000000008983      0xed7 Drivers/STM32F4xx_HAL_Driver/Src/stm32f4xx_hal_cortex.o
 .debug_info    0x000000000000985a      0x9f1 Drivers/STM32F4xx_HAL_Driver/Src/stm32f4xx_hal_dma.o
 .debug_info    0x000000000000a24b      0x83e Drivers/STM32F4xx_HAL_Driver/Src/stm32f4xx_hal_gpio.o
 .debug_info    0x000000000000aa89     0x2633 Drivers/STM32F4xx_HAL_Driver/Src/stm32f4xx_hal_i2c.o
 .debug_info    0x000000000000d0bc      0x996 Drivers/STM32F4xx_HAL_Driver/Src/stm32f4xx_hal_rcc.o
 .debug_info    0x000000000000da52     0x2a90 Drivers/STM32F4xx_HAL_Driver/Src/stm32f4xx_hal_tim.o
 .debug_info    0x00000000000104e2     0x1522 Drivers/STM32F4xx_HAL_Driver/Src/stm32f4xx_hal_tim_ex.o
 .debug_info    0x0000000000011a04     0x1665 Drivers/STM32F4xx_HAL_Driver/Src/stm32f4xx_hal_uart.o

.debug_abbrev   0x0000000000000000     0x2aa0
 .debug_abbrev  0x0000000000000000      0x1dd Core/Src/control.o
 .debug_abbrev  0x00000000000001dd      0x11b Core/Src/dma.o
 .debug_abbrev  0x00000000000002f8      0x14e Core/Src/gpio.o
 .debug_abbrev  0x0000000000000446      0x1bb Core/Src/i2c.o
 .debug_abbrev  0x0000000000000601      0x127 Core/Src/key.o
 .debug_abbrev  0x0000000000000728      0x26d Core/Src/main.o
 .debug_abbrev  0x0000000000000995      0x1b3 Core/Src/motor.o
 .debug_abbrev  0x0000000000000b48      0x223 Core/Src/oled.o
 .debug_abbrev  0x0000000000000d6b      0x11d Core/Src/stm32f4xx_hal_msp.o
 .debug_abbrev  0x0000000000000e88      0x176 Core/Src/stm32f4xx_it.o
 .debug_abbrev  0x0000000000000ffe      0x145 Core/Src/system_stm32f4xx.o
 .debug_abbrev  0x0000000000001143      0x1bb Core/Src/tim.o
 .debug_abbrev  0x00000000000012fe      0x1d7 Core/Src/usart.o
 .debug_abbrev  0x00000000000014d5       0x12 Core/Startup/startup_stm32f407zetx.o
 .debug_abbrev  0x00000000000014e7      0x1ed Drivers/STM32F4xx_HAL_Driver/Src/stm32f4xx_hal.o
 .debug_abbrev  0x00000000000016d4      0x33c Drivers/STM32F4xx_HAL_Driver/Src/stm32f4xx_hal_cortex.o
 .debug_abbrev  0x0000000000001a10      0x259 Drivers/STM32F4xx_HAL_Driver/Src/stm32f4xx_hal_dma.o
 .debug_abbrev  0x0000000000001c69      0x1f1 Drivers/STM32F4xx_HAL_Driver/Src/stm32f4xx_hal_gpio.o
 .debug_abbrev  0x0000000000001e5a      0x282 Drivers/STM32F4xx_HAL_Driver/Src/stm32f4xx_hal_i2c.o
 .debug_abbrev  0x00000000000020dc      0x275 Drivers/STM32F4xx_HAL_Driver/Src/stm32f4xx_hal_rcc.o
 .debug_abbrev  0x0000000000002351      0x25e Drivers/STM32F4xx_HAL_Driver/Src/stm32f4xx_hal_tim.o
 .debug_abbrev  0x00000000000025af      0x266 Drivers/STM32F4xx_HAL_Driver/Src/stm32f4xx_hal_tim_ex.o
 .debug_abbrev  0x0000000000002815      0x28b Drivers/STM32F4xx_HAL_Driver/Src/stm32f4xx_hal_uart.o

.debug_aranges  0x0000000000000000     0x1070
 .debug_aranges
                0x0000000000000000       0x48 Core/Src/control.o
 .debug_aranges
                0x0000000000000048       0x20 Core/Src/dma.o
 .debug_aranges
                0x0000000000000068       0x20 Core/Src/gpio.o
 .debug_aranges
                0x0000000000000088       0x30 Core/Src/i2c.o
 .debug_aranges
                0x00000000000000b8       0x28 Core/Src/key.o
 .debug_aranges
                0x00000000000000e0       0x30 Core/Src/main.o
 .debug_aranges
                0x0000000000000110       0x28 Core/Src/motor.o
 .debug_aranges
                0x0000000000000138       0x90 Core/Src/oled.o
 .debug_aranges
                0x00000000000001c8       0x20 Core/Src/stm32f4xx_hal_msp.o
 .debug_aranges
                0x00000000000001e8       0x80 Core/Src/stm32f4xx_it.o
 .debug_aranges
                0x0000000000000268       0x28 Core/Src/system_stm32f4xx.o
 .debug_aranges
                0x0000000000000290       0x30 Core/Src/tim.o
 .debug_aranges
                0x00000000000002c0       0x38 Core/Src/usart.o
 .debug_aranges
                0x00000000000002f8       0x28 Core/Startup/startup_stm32f407zetx.o
 .debug_aranges
                0x0000000000000320       0xf0 Drivers/STM32F4xx_HAL_Driver/Src/stm32f4xx_hal.o
 .debug_aranges
                0x0000000000000410      0x118 Drivers/STM32F4xx_HAL_Driver/Src/stm32f4xx_hal_cortex.o
 .debug_aranges
                0x0000000000000528       0x90 Drivers/STM32F4xx_HAL_Driver/Src/stm32f4xx_hal_dma.o
 .debug_aranges
                0x00000000000005b8       0x58 Drivers/STM32F4xx_HAL_Driver/Src/stm32f4xx_hal_gpio.o
 .debug_aranges
                0x0000000000000610      0x2a0 Drivers/STM32F4xx_HAL_Driver/Src/stm32f4xx_hal_i2c.o
 .debug_aranges
                0x00000000000008b0       0x88 Drivers/STM32F4xx_HAL_Driver/Src/stm32f4xx_hal_rcc.o
 .debug_aranges
                0x0000000000000938      0x3d0 Drivers/STM32F4xx_HAL_Driver/Src/stm32f4xx_hal_tim.o
 .debug_aranges
                0x0000000000000d08      0x168 Drivers/STM32F4xx_HAL_Driver/Src/stm32f4xx_hal_tim_ex.o
 .debug_aranges
                0x0000000000000e70      0x200 Drivers/STM32F4xx_HAL_Driver/Src/stm32f4xx_hal_uart.o

.debug_ranges   0x0000000000000000      0xf60
 .debug_ranges  0x0000000000000000       0x38 Core/Src/control.o
 .debug_ranges  0x0000000000000038       0x10 Core/Src/dma.o
 .debug_ranges  0x0000000000000048       0x10 Core/Src/gpio.o
 .debug_ranges  0x0000000000000058       0x20 Core/Src/i2c.o
 .debug_ranges  0x0000000000000078       0x18 Core/Src/key.o
 .debug_ranges  0x0000000000000090       0x20 Core/Src/main.o
 .debug_ranges  0x00000000000000b0       0x18 Core/Src/motor.o
 .debug_ranges  0x00000000000000c8       0x80 Core/Src/oled.o
 .debug_ranges  0x0000000000000148       0x10 Core/Src/stm32f4xx_hal_msp.o
 .debug_ranges  0x0000000000000158       0x70 Core/Src/stm32f4xx_it.o
 .debug_ranges  0x00000000000001c8       0x18 Core/Src/system_stm32f4xx.o
 .debug_ranges  0x00000000000001e0       0x20 Core/Src/tim.o
 .debug_ranges  0x0000000000000200       0x28 Core/Src/usart.o
 .debug_ranges  0x0000000000000228       0x20 Core/Startup/startup_stm32f407zetx.o
 .debug_ranges  0x0000000000000248       0xe0 Drivers/STM32F4xx_HAL_Driver/Src/stm32f4xx_hal.o
 .debug_ranges  0x0000000000000328      0x108 Drivers/STM32F4xx_HAL_Driver/Src/stm32f4xx_hal_cortex.o
 .debug_ranges  0x0000000000000430       0x80 Drivers/STM32F4xx_HAL_Driver/Src/stm32f4xx_hal_dma.o
 .debug_ranges  0x00000000000004b0       0x48 Drivers/STM32F4xx_HAL_Driver/Src/stm32f4xx_hal_gpio.o
 .debug_ranges  0x00000000000004f8      0x2b8 Drivers/STM32F4xx_HAL_Driver/Src/stm32f4xx_hal_i2c.o
 .debug_ranges  0x00000000000007b0       0x78 Drivers/STM32F4xx_HAL_Driver/Src/stm32f4xx_hal_rcc.o
 .debug_ranges  0x0000000000000828      0x3c0 Drivers/STM32F4xx_HAL_Driver/Src/stm32f4xx_hal_tim.o
 .debug_ranges  0x0000000000000be8      0x158 Drivers/STM32F4xx_HAL_Driver/Src/stm32f4xx_hal_tim_ex.o
 .debug_ranges  0x0000000000000d40      0x220 Drivers/STM32F4xx_HAL_Driver/Src/stm32f4xx_hal_uart.o

.debug_macro    0x0000000000000000    0x22744
 .debug_macro   0x0000000000000000      0x21d Core/Src/control.o
 .debug_macro   0x000000000000021d      0xaa8 Core/Src/control.o
 .debug_macro   0x0000000000000cc5      0x2a1 Core/Src/control.o
 .debug_macro   0x0000000000000f66       0x2e Core/Src/control.o
 .debug_macro   0x0000000000000f94       0x2f Core/Src/control.o
 .debug_macro   0x0000000000000fc3       0x22 Core/Src/control.o
 .debug_macro   0x0000000000000fe5       0x8e Core/Src/control.o
 .debug_macro   0x0000000000001073       0x51 Core/Src/control.o
 .debug_macro   0x00000000000010c4      0x103 Core/Src/control.o
 .debug_macro   0x00000000000011c7       0x6a Core/Src/control.o
 .debug_macro   0x0000000000001231      0x1df Core/Src/control.o
 .debug_macro   0x0000000000001410       0x1c Core/Src/control.o
 .debug_macro   0x000000000000142c       0x22 Core/Src/control.o
 .debug_macro   0x000000000000144e       0xdf Core/Src/control.o
 .debug_macro   0x000000000000152d     0x102d Core/Src/control.o
 .debug_macro   0x000000000000255a      0x11f Core/Src/control.o
 .debug_macro   0x0000000000002679    0x15e3c Core/Src/control.o
 .debug_macro   0x00000000000184b5       0x43 Core/Src/control.o
 .debug_macro   0x00000000000184f8     0x3659 Core/Src/control.o
 .debug_macro   0x000000000001bb51      0x174 Core/Src/control.o
 .debug_macro   0x000000000001bcc5       0x5c Core/Src/control.o
 .debug_macro   0x000000000001bd21      0x96b Core/Src/control.o
 .debug_macro   0x000000000001c68c      0x9fe Core/Src/control.o
 .debug_macro   0x000000000001d08a      0x117 Core/Src/control.o
 .debug_macro   0x000000000001d1a1      0x13e Core/Src/control.o
 .debug_macro   0x000000000001d2df       0x82 Core/Src/control.o
 .debug_macro   0x000000000001d361      0x174 Core/Src/control.o
 .debug_macro   0x000000000001d4d5      0x287 Core/Src/control.o
 .debug_macro   0x000000000001d75c       0x5f Core/Src/control.o
 .debug_macro   0x000000000001d7bb      0x236 Core/Src/control.o
 .debug_macro   0x000000000001d9f1      0x12c Core/Src/control.o
 .debug_macro   0x000000000001db1d      0x21e Core/Src/control.o
 .debug_macro   0x000000000001dd3b       0x2e Core/Src/control.o
 .debug_macro   0x000000000001dd69      0x1b5 Core/Src/control.o
 .debug_macro   0x000000000001df1e       0xd6 Core/Src/control.o
 .debug_macro   0x000000000001dff4      0x11a Core/Src/control.o
 .debug_macro   0x000000000001e10e       0x7e Core/Src/control.o
 .debug_macro   0x000000000001e18c       0x89 Core/Src/control.o
 .debug_macro   0x000000000001e215      0x8d1 Core/Src/control.o
 .debug_macro   0x000000000001eae6       0x47 Core/Src/control.o
 .debug_macro   0x000000000001eb2d      0x295 Core/Src/control.o
 .debug_macro   0x000000000001edc2      0x12d Core/Src/control.o
 .debug_macro   0x000000000001eeef       0x3a Core/Src/control.o
 .debug_macro   0x000000000001ef29      0x1fc Core/Src/dma.o
 .debug_macro   0x000000000001f125      0x1fc Core/Src/gpio.o
 .debug_macro   0x000000000001f321      0x1fc Core/Src/i2c.o
 .debug_macro   0x000000000001f51d      0x20b Core/Src/key.o
 .debug_macro   0x000000000001f728       0x94 Core/Src/key.o
 .debug_macro   0x000000000001f7bc      0x3ea Core/Src/main.o
 .debug_macro   0x000000000001fba6       0x46 Core/Src/main.o
 .debug_macro   0x000000000001fbec       0x52 Core/Src/main.o
 .debug_macro   0x000000000001fc3e       0x18 Core/Src/main.o
 .debug_macro   0x000000000001fc56       0x3c Core/Src/main.o
 .debug_macro   0x000000000001fc92       0x34 Core/Src/main.o
 .debug_macro   0x000000000001fcc6       0x16 Core/Src/main.o
 .debug_macro   0x000000000001fcdc       0x35 Core/Src/main.o
 .debug_macro   0x000000000001fd11      0x333 Core/Src/main.o
 .debug_macro   0x0000000000020044       0x10 Core/Src/main.o
 .debug_macro   0x0000000000020054       0x16 Core/Src/main.o
 .debug_macro   0x000000000002006a       0x43 Core/Src/main.o
 .debug_macro   0x00000000000200ad       0x34 Core/Src/main.o
 .debug_macro   0x00000000000200e1       0x10 Core/Src/main.o
 .debug_macro   0x00000000000200f1       0x58 Core/Src/main.o
 .debug_macro   0x0000000000020149       0x71 Core/Src/main.o
 .debug_macro   0x00000000000201ba       0x1c Core/Src/main.o
 .debug_macro   0x00000000000201d6      0x12a Core/Src/main.o
 .debug_macro   0x0000000000020300       0x10 Core/Src/main.o
 .debug_macro   0x0000000000020310       0x1c Core/Src/main.o
 .debug_macro   0x000000000002032c       0x52 Core/Src/main.o
 .debug_macro   0x000000000002037e       0x22 Core/Src/main.o
 .debug_macro   0x00000000000203a0       0x10 Core/Src/main.o
 .debug_macro   0x00000000000203b0       0x40 Core/Src/main.o
 .debug_macro   0x00000000000203f0       0xd5 Core/Src/main.o
 .debug_macro   0x00000000000204c5       0x1c Core/Src/main.o
 .debug_macro   0x00000000000204e1       0x3d Core/Src/main.o
 .debug_macro   0x000000000002051e       0x16 Core/Src/main.o
 .debug_macro   0x0000000000020534      0x145 Core/Src/main.o
 .debug_macro   0x0000000000020679       0x16 Core/Src/main.o
 .debug_macro   0x000000000002068f       0x20 Core/Src/main.o
 .debug_macro   0x00000000000206af      0x217 Core/Src/motor.o
 .debug_macro   0x00000000000208c6       0x34 Core/Src/motor.o
 .debug_macro   0x00000000000208fa      0x215 Core/Src/oled.o
 .debug_macro   0x0000000000020b0f       0x40 Core/Src/oled.o
 .debug_macro   0x0000000000020b4f      0x1f2 Core/Src/stm32f4xx_hal_msp.o
 .debug_macro   0x0000000000020d41      0x218 Core/Src/stm32f4xx_it.o
 .debug_macro   0x0000000000020f59      0x1e8 Core/Src/system_stm32f4xx.o
 .debug_macro   0x0000000000021141      0x1fc Core/Src/tim.o
 .debug_macro   0x000000000002133d      0x206 Core/Src/usart.o
 .debug_macro   0x0000000000021543      0x248 Drivers/STM32F4xx_HAL_Driver/Src/stm32f4xx_hal.o
 .debug_macro   0x000000000002178b      0x1e8 Drivers/STM32F4xx_HAL_Driver/Src/stm32f4xx_hal_cortex.o
 .debug_macro   0x0000000000021973      0x1ee Drivers/STM32F4xx_HAL_Driver/Src/stm32f4xx_hal_dma.o
 .debug_macro   0x0000000000021b61      0x1ee Drivers/STM32F4xx_HAL_Driver/Src/stm32f4xx_hal_gpio.o
 .debug_macro   0x0000000000021d4f      0x22f Drivers/STM32F4xx_HAL_Driver/Src/stm32f4xx_hal_i2c.o
 .debug_macro   0x0000000000021f7e      0x20c Drivers/STM32F4xx_HAL_Driver/Src/stm32f4xx_hal_rcc.o
 .debug_macro   0x000000000002218a      0x1e9 Drivers/STM32F4xx_HAL_Driver/Src/stm32f4xx_hal_tim.o
 .debug_macro   0x0000000000022373      0x1e8 Drivers/STM32F4xx_HAL_Driver/Src/stm32f4xx_hal_tim_ex.o
 .debug_macro   0x000000000002255b      0x1e9 Drivers/STM32F4xx_HAL_Driver/Src/stm32f4xx_hal_uart.o

.debug_line     0x0000000000000000    0x15010
 .debug_line    0x0000000000000000      0x95f Core/Src/control.o
 .debug_line    0x000000000000095f      0x709 Core/Src/dma.o
 .debug_line    0x0000000000001068      0x743 Core/Src/gpio.o
 .debug_line    0x00000000000017ab      0x775 Core/Src/i2c.o
 .debug_line    0x0000000000001f20      0x989 Core/Src/key.o
 .debug_line    0x00000000000028a9      0xad1 Core/Src/main.o
 .debug_line    0x000000000000337a      0x7db Core/Src/motor.o
 .debug_line    0x0000000000003b55      0xad6 Core/Src/oled.o
 .debug_line    0x000000000000462b      0x70c Core/Src/stm32f4xx_hal_msp.o
 .debug_line    0x0000000000004d37      0x847 Core/Src/stm32f4xx_it.o
 .debug_line    0x000000000000557e      0x78d Core/Src/system_stm32f4xx.o
 .debug_line    0x0000000000005d0b      0x766 Core/Src/tim.o
 .debug_line    0x0000000000006471      0x83c Core/Src/usart.o
 .debug_line    0x0000000000006cad       0x88 Core/Startup/startup_stm32f407zetx.o
 .debug_line    0x0000000000006d35      0x9f3 Drivers/STM32F4xx_HAL_Driver/Src/stm32f4xx_hal.o
 .debug_line    0x0000000000007728      0xca2 Drivers/STM32F4xx_HAL_Driver/Src/stm32f4xx_hal_cortex.o
 .debug_line    0x00000000000083ca      0xf5c Drivers/STM32F4xx_HAL_Driver/Src/stm32f4xx_hal_dma.o
 .debug_line    0x0000000000009326      0xb6b Drivers/STM32F4xx_HAL_Driver/Src/stm32f4xx_hal_gpio.o
 .debug_line    0x0000000000009e91     0x397a Drivers/STM32F4xx_HAL_Driver/Src/stm32f4xx_hal_i2c.o
 .debug_line    0x000000000000d80b      0xd6d Drivers/STM32F4xx_HAL_Driver/Src/stm32f4xx_hal_rcc.o
 .debug_line    0x000000000000e578     0x361f Drivers/STM32F4xx_HAL_Driver/Src/stm32f4xx_hal_tim.o
 .debug_line    0x0000000000011b97     0x19c0 Drivers/STM32F4xx_HAL_Driver/Src/stm32f4xx_hal_tim_ex.o
 .debug_line    0x0000000000013557     0x1ab9 Drivers/STM32F4xx_HAL_Driver/Src/stm32f4xx_hal_uart.o

.debug_str      0x0000000000000000    0xcd89e
 .debug_str     0x0000000000000000    0xc4f74 Core/Src/control.o
                                      0xc52c5 (size before relaxing)
 .debug_str     0x00000000000c4f74      0x5f1 Core/Src/dma.o
                                      0xc4ebb (size before relaxing)
 .debug_str     0x00000000000c5565       0xaa Core/Src/gpio.o
                                      0xc4a6d (size before relaxing)
 .debug_str     0x00000000000c560f      0x2d4 Core/Src/i2c.o
                                      0xc4f6d (size before relaxing)
 .debug_str     0x00000000000c58e3      0x255 Core/Src/key.o
                                      0xc4b48 (size before relaxing)
 .debug_str     0x00000000000c5b38     0x449d Core/Src/main.o
                                      0xc9cb5 (size before relaxing)
 .debug_str     0x00000000000c9fd5       0xd1 Core/Src/motor.o
                                      0xc4e95 (size before relaxing)
 .debug_str     0x00000000000ca0a6      0x11d Core/Src/oled.o
                                      0xc5102 (size before relaxing)
 .debug_str     0x00000000000ca1c3       0x2c Core/Src/stm32f4xx_hal_msp.o
                                      0xc49d0 (size before relaxing)
 .debug_str     0x00000000000ca1ef      0x131 Core/Src/stm32f4xx_it.o
                                      0xc510d (size before relaxing)
 .debug_str     0x00000000000ca320       0xaf Core/Src/system_stm32f4xx.o
                                      0xc4a42 (size before relaxing)
 .debug_str     0x00000000000ca3cf       0xa4 Core/Src/tim.o
                                      0xc548e (size before relaxing)
 .debug_str     0x00000000000ca473       0x6b Core/Src/usart.o
                                      0xc5404 (size before relaxing)
 .debug_str     0x00000000000ca4de       0x36 Core/Startup/startup_stm32f407zetx.o
                                         0x5e (size before relaxing)
 .debug_str     0x00000000000ca514      0x58d Drivers/STM32F4xx_HAL_Driver/Src/stm32f4xx_hal.o
                                      0xc5524 (size before relaxing)
 .debug_str     0x00000000000caaa1      0x399 Drivers/STM32F4xx_HAL_Driver/Src/stm32f4xx_hal_cortex.o
                                      0xc5313 (size before relaxing)
 .debug_str     0x00000000000cae3a      0x31d Drivers/STM32F4xx_HAL_Driver/Src/stm32f4xx_hal_dma.o
                                      0xc4e6c (size before relaxing)
 .debug_str     0x00000000000cb157      0x15a Drivers/STM32F4xx_HAL_Driver/Src/stm32f4xx_hal_gpio.o
                                      0xc4be9 (size before relaxing)
 .debug_str     0x00000000000cb2b1      0xac3 Drivers/STM32F4xx_HAL_Driver/Src/stm32f4xx_hal_i2c.o
                                      0xc59c4 (size before relaxing)
 .debug_str     0x00000000000cbd74      0x24e Drivers/STM32F4xx_HAL_Driver/Src/stm32f4xx_hal_rcc.o
                                      0xc4e44 (size before relaxing)
 .debug_str     0x00000000000cbfc2      0xe10 Drivers/STM32F4xx_HAL_Driver/Src/stm32f4xx_hal_tim.o
                                      0xc5d6a (size before relaxing)
 .debug_str     0x00000000000ccdd2      0x4ee Drivers/STM32F4xx_HAL_Driver/Src/stm32f4xx_hal_tim_ex.o
                                      0xc551b (size before relaxing)
 .debug_str     0x00000000000cd2c0      0x5de Drivers/STM32F4xx_HAL_Driver/Src/stm32f4xx_hal_uart.o
                                      0xc53a6 (size before relaxing)

.comment        0x0000000000000000       0x53
 .comment       0x0000000000000000       0x53 Core/Src/control.o
                                         0x54 (size before relaxing)
 .comment       0x0000000000000053       0x54 Core/Src/dma.o
 .comment       0x0000000000000053       0x54 Core/Src/gpio.o
 .comment       0x0000000000000053       0x54 Core/Src/i2c.o
 .comment       0x0000000000000053       0x54 Core/Src/key.o
 .comment       0x0000000000000053       0x54 Core/Src/main.o
 .comment       0x0000000000000053       0x54 Core/Src/motor.o
 .comment       0x0000000000000053       0x54 Core/Src/oled.o
 .comment       0x0000000000000053       0x54 Core/Src/stm32f4xx_hal_msp.o
 .comment       0x0000000000000053       0x54 Core/Src/stm32f4xx_it.o
 .comment       0x0000000000000053       0x54 Core/Src/system_stm32f4xx.o
 .comment       0x0000000000000053       0x54 Core/Src/tim.o
 .comment       0x0000000000000053       0x54 Core/Src/usart.o
 .comment       0x0000000000000053       0x54 Drivers/STM32F4xx_HAL_Driver/Src/stm32f4xx_hal.o
 .comment       0x0000000000000053       0x54 Drivers/STM32F4xx_HAL_Driver/Src/stm32f4xx_hal_cortex.o
 .comment       0x0000000000000053       0x54 Drivers/STM32F4xx_HAL_Driver/Src/stm32f4xx_hal_dma.o
 .comment       0x0000000000000053       0x54 Drivers/STM32F4xx_HAL_Driver/Src/stm32f4xx_hal_gpio.o
 .comment       0x0000000000000053       0x54 Drivers/STM32F4xx_HAL_Driver/Src/stm32f4xx_hal_i2c.o
 .comment       0x0000000000000053       0x54 Drivers/STM32F4xx_HAL_Driver/Src/stm32f4xx_hal_rcc.o
 .comment       0x0000000000000053       0x54 Drivers/STM32F4xx_HAL_Driver/Src/stm32f4xx_hal_tim.o
 .comment       0x0000000000000053       0x54 Drivers/STM32F4xx_HAL_Driver/Src/stm32f4xx_hal_tim_ex.o
 .comment       0x0000000000000053       0x54 Drivers/STM32F4xx_HAL_Driver/Src/stm32f4xx_hal_uart.o

.debug_frame    0x0000000000000000     0x43b4
 .debug_frame   0x0000000000000000       0xe8 Core/Src/control.o
 .debug_frame   0x00000000000000e8       0x34 Core/Src/dma.o
 .debug_frame   0x000000000000011c       0x34 Core/Src/gpio.o
 .debug_frame   0x0000000000000150       0x74 Core/Src/i2c.o
 .debug_frame   0x00000000000001c4       0x4c Core/Src/key.o
 .debug_frame   0x0000000000000210       0x68 Core/Src/main.o
 .debug_frame   0x0000000000000278       0x58 Core/Src/motor.o
 .debug_frame   0x00000000000002d0      0x220 Core/Src/oled.o
 .debug_frame   0x00000000000004f0       0x38 Core/Src/stm32f4xx_hal_msp.o
 .debug_frame   0x0000000000000528      0x174 Core/Src/stm32f4xx_it.o
 .debug_frame   0x000000000000069c       0x58 Core/Src/system_stm32f4xx.o
 .debug_frame   0x00000000000006f4       0x7c Core/Src/tim.o
 .debug_frame   0x0000000000000770       0x90 Core/Src/usart.o
 .debug_frame   0x0000000000000800      0x374 Drivers/STM32F4xx_HAL_Driver/Src/stm32f4xx_hal.o
 .debug_frame   0x0000000000000b74      0x498 Drivers/STM32F4xx_HAL_Driver/Src/stm32f4xx_hal_cortex.o
 .debug_frame   0x000000000000100c      0x250 Drivers/STM32F4xx_HAL_Driver/Src/stm32f4xx_hal_dma.o
 .debug_frame   0x000000000000125c      0x14c Drivers/STM32F4xx_HAL_Driver/Src/stm32f4xx_hal_gpio.o
 .debug_frame   0x00000000000013a8      0xc5c Drivers/STM32F4xx_HAL_Driver/Src/stm32f4xx_hal_i2c.o
 .debug_frame   0x0000000000002004      0x1ec Drivers/STM32F4xx_HAL_Driver/Src/stm32f4xx_hal_rcc.o
 .debug_frame   0x00000000000021f0     0x11bc Drivers/STM32F4xx_HAL_Driver/Src/stm32f4xx_hal_tim.o
 .debug_frame   0x00000000000033ac      0x638 Drivers/STM32F4xx_HAL_Driver/Src/stm32f4xx_hal_tim_ex.o
 .debug_frame   0x00000000000039e4      0x924 Drivers/STM32F4xx_HAL_Driver/Src/stm32f4xx_hal_uart.o
 .debug_frame   0x0000000000004308       0x2c e:/cubeide/stm32cubeide_1.6.0/stm32cubeide/plugins/com.st.stm32cube.ide.mcu.externaltools.gnu-tools-for-stm32.9-2020-q2-update.win32_1.5.0.202011040924/tools/bin/../lib/gcc/arm-none-eabi/9.3.1/../../../../arm-none-eabi/lib/thumb/v7e-m+fp/hard\libc_nano.a(lib_a-init.o)
 .debug_frame   0x0000000000004334       0x20 e:/cubeide/stm32cubeide_1.6.0/stm32cubeide/plugins/com.st.stm32cube.ide.mcu.externaltools.gnu-tools-for-stm32.9-2020-q2-update.win32_1.5.0.202011040924/tools/bin/../lib/gcc/arm-none-eabi/9.3.1/../../../../arm-none-eabi/lib/thumb/v7e-m+fp/hard\libc_nano.a(lib_a-memset.o)
 .debug_frame   0x0000000000004354       0x2c e:/cubeide/stm32cubeide_1.6.0/stm32cubeide/plugins/com.st.stm32cube.ide.mcu.externaltools.gnu-tools-for-stm32.9-2020-q2-update.win32_1.5.0.202011040924/tools/bin/../lib/gcc/arm-none-eabi/9.3.1/thumb/v7e-m+fp/hard\libgcc.a(_aeabi_uldivmod.o)
 .debug_frame   0x0000000000004380       0x34 e:/cubeide/stm32cubeide_1.6.0/stm32cubeide/plugins/com.st.stm32cube.ide.mcu.externaltools.gnu-tools-for-stm32.9-2020-q2-update.win32_1.5.0.202011040924/tools/bin/../lib/gcc/arm-none-eabi/9.3.1/thumb/v7e-m+fp/hard\libgcc.a(_udivmoddi4.o)
